4 1
10,0
11,0
12,0
13,0
14,0
15,0
16,0
17,0
18,0
20,0
