A1: 1
A2: 2
A2: 3
A1: 11
A2: 11
A1: 12
A2: 12
A2: 12
A2: 13
A2: 13
A2: 14
A1: 14
