Exception in F: G
F finally block
Exception in Main: F
