A.Identity(): A
B.Identity(): B
B.Identity(): B
B.Identity(): B
B.Identity(): B
