Hello World
Hello World
Hello World
value=2
no arguments
