{X=0,Y=0}
{X=0,Y=1}
{X=0,Y=2}
{X=0,Y=0}
{X=1,Y=0}
{X=1,Y=1}
{X=1,Y=2}
{X=0,Y=0}
{X=2,Y=0}
{X=2,Y=1}
{X=2,Y=2}
{X=0,Y=0}
{X=3,Y=0}
{X=3,Y=1}
{X=3,Y=2}
{X=0,Y=0}
